---
source: crates/crochet_parser/src/lib.rs
expression: "parse(r#\"let mut msg: string = \"hello, world\";\"#)"
---
Ok(
    Program {
        body: [
            VarDecl {
                span: 0..37,
                pattern: Pattern {
                    span: 4..11,
                    kind: Ident(
                        BindingIdent {
                            name: "msg",
                            mutable: true,
                            span: 4..11,
                        },
                    ),
                    inferred_type: None,
                },
                type_ann: Some(
                    TypeAnn {
                        kind: Keyword(
                            KeywordType {
                                span: 13..19,
                                keyword: String,
                            },
                        ),
                        span: 13..19,
                        inferred_type: None,
                    },
                ),
                init: Some(
                    Expr {
                        span: 22..36,
                        kind: Lit(
                            Str(
                                Str {
                                    span: 22..36,
                                    value: "hello, world",
                                },
                            ),
                        ),
                        inferred_type: None,
                    },
                ),
                declare: false,
            },
        ],
    },
)
