---
source: crates/crochet_parser/src/lib.rs
expression: "parse(\"let foo = async () => await bar();\")"
---
Ok(
    Program {
        body: [
            VarDecl {
                span: 0..34,
                pattern: Ident(
                    BindingIdent {
                        span: 4..7,
                        id: Ident {
                            span: 4..7,
                            name: "foo",
                        },
                    },
                ),
                type_ann: None,
                init: Some(
                    Expr {
                        span: 10..33,
                        kind: Lambda(
                            Lambda {
                                params: [],
                                body: Expr {
                                    span: 22..33,
                                    kind: Await(
                                        Await {
                                            expr: Expr {
                                                span: 28..33,
                                                kind: App(
                                                    App {
                                                        lam: Expr {
                                                            span: 28..31,
                                                            kind: Ident(
                                                                Ident {
                                                                    span: 28..31,
                                                                    name: "bar",
                                                                },
                                                            ),
                                                        },
                                                        args: [],
                                                    },
                                                ),
                                            },
                                        },
                                    ),
                                },
                                is_async: true,
                                return_type: None,
                                type_params: None,
                            },
                        ),
                    },
                ),
                declare: false,
            },
        ],
    },
)
