---
source: crates/crochet_parser/src/lib.rs
expression: "parse(r#\"type Foo<T extends string = \"foo\"> = {bar: T};\"#)"
---
Ok(
    Program {
        body: [
            TypeDecl {
                span: 0..46,
                declare: false,
                id: Ident {
                    span: 5..8,
                    name: "Foo",
                },
                type_ann: TypeAnn {
                    kind: Object(
                        ObjectType {
                            span: 37..45,
                            elems: [
                                Prop(
                                    TProp {
                                        span: 38..44,
                                        name: "bar",
                                        optional: false,
                                        mutable: false,
                                        type_ann: TypeAnn {
                                            kind: TypeRef(
                                                TypeRef {
                                                    span: 43..44,
                                                    name: "T",
                                                    type_args: None,
                                                },
                                            ),
                                            span: 43..44,
                                            inferred_type: None,
                                        },
                                    },
                                ),
                            ],
                        },
                    ),
                    span: 37..45,
                    inferred_type: None,
                },
                type_params: Some(
                    [
                        TypeParam {
                            span: 9..33,
                            name: Ident {
                                span: 9..10,
                                name: "T",
                            },
                            constraint: Some(
                                TypeAnn {
                                    kind: Keyword(
                                        KeywordType {
                                            span: 19..25,
                                            keyword: String,
                                        },
                                    ),
                                    span: 19..25,
                                    inferred_type: None,
                                },
                            ),
                            default: Some(
                                TypeAnn {
                                    kind: Lit(
                                        Str(
                                            Str {
                                                span: 28..33,
                                                value: "foo",
                                            },
                                        ),
                                    ),
                                    span: 28..33,
                                    inferred_type: None,
                                },
                            ),
                        },
                    ],
                ),
            },
        ],
    },
)
