---
source: crates/crochet_parser/src/lib.rs
expression: "parse(\"`line 1\\\\nline 2\\\\nline 3`\")"
---
Ok(
    Program {
        body: [
            Expr {
                span: 0..24,
                expr: Expr {
                    span: 0..24,
                    kind: TemplateLiteral(
                        TemplateLiteral {
                            exprs: [],
                            quasis: [
                                TemplateElem {
                                    span: 1..23,
                                    raw: Str(
                                        Str {
                                            span: 1..23,
                                            value: "line 1\\nline 2\\nline 3",
                                        },
                                    ),
                                    cooked: Str(
                                        Str {
                                            span: 1..23,
                                            value: "line 1\nline 2\nline 3",
                                        },
                                    ),
                                },
                            ],
                        },
                    ),
                    inferred_type: None,
                },
            },
        ],
    },
)
