---
source: crates/crochet_parser/src/lib.rs
expression: "parse(r#\"\n            let bar = if (let {x, y: b, ...rest} = foo) {\n                \"object\"\n            } else if (let [a, _, ...rest] = foo) {\n                \"array\"\n            } else {\n                \"other\"\n            };              \n        \"#)"
---
Ok(
    Program {
        body: [
            VarDecl {
                span: 13..219,
                pattern: Ident(
                    BindingIdent {
                        span: 17..20,
                        id: Ident {
                            span: 17..20,
                            name: "bar",
                        },
                    },
                ),
                type_ann: None,
                init: Some(
                    Expr {
                        span: 23..218,
                        kind: IfElse(
                            IfElse {
                                cond: Expr {
                                    span: 27..55,
                                    kind: LetExpr(
                                        LetExpr {
                                            pat: Object(
                                                ObjectPat {
                                                    span: 31..49,
                                                    props: [
                                                        Assign(
                                                            AssignPatProp {
                                                                span: 32..33,
                                                                key: Ident {
                                                                    span: 32..33,
                                                                    name: "x",
                                                                },
                                                                value: None,
                                                            },
                                                        ),
                                                        KeyValue(
                                                            KeyValuePatProp {
                                                                key: Ident {
                                                                    span: 35..36,
                                                                    name: "y",
                                                                },
                                                                value: Ident(
                                                                    BindingIdent {
                                                                        span: 38..39,
                                                                        id: Ident {
                                                                            span: 38..39,
                                                                            name: "b",
                                                                        },
                                                                    },
                                                                ),
                                                            },
                                                        ),
                                                        Rest(
                                                            RestPat {
                                                                span: 41..48,
                                                                arg: Ident(
                                                                    BindingIdent {
                                                                        span: 44..48,
                                                                        id: Ident {
                                                                            span: 44..48,
                                                                            name: "rest",
                                                                        },
                                                                    },
                                                                ),
                                                            },
                                                        ),
                                                    ],
                                                    optional: false,
                                                },
                                            ),
                                            expr: Expr {
                                                span: 52..55,
                                                kind: Ident(
                                                    Ident {
                                                        span: 52..55,
                                                        name: "foo",
                                                    },
                                                ),
                                                inferred_type: None,
                                            },
                                        },
                                    ),
                                    inferred_type: None,
                                },
                                consequent: Expr {
                                    span: 75..83,
                                    kind: Lit(
                                        Str(
                                            Str {
                                                span: 75..83,
                                                value: "object",
                                            },
                                        ),
                                    ),
                                    inferred_type: None,
                                },
                                alternate: Some(
                                    Expr {
                                        span: 103..218,
                                        kind: IfElse(
                                            IfElse {
                                                cond: Expr {
                                                    span: 107..132,
                                                    kind: LetExpr(
                                                        LetExpr {
                                                            pat: Array(
                                                                ArrayPat {
                                                                    span: 111..126,
                                                                    elems: [
                                                                        Some(
                                                                            Ident(
                                                                                BindingIdent {
                                                                                    span: 112..113,
                                                                                    id: Ident {
                                                                                        span: 112..113,
                                                                                        name: "a",
                                                                                    },
                                                                                },
                                                                            ),
                                                                        ),
                                                                        Some(
                                                                            Wildcard(
                                                                                WildcardPat {
                                                                                    span: 115..116,
                                                                                },
                                                                            ),
                                                                        ),
                                                                        Some(
                                                                            Rest(
                                                                                RestPat {
                                                                                    span: 118..125,
                                                                                    arg: Ident(
                                                                                        BindingIdent {
                                                                                            span: 121..125,
                                                                                            id: Ident {
                                                                                                span: 121..125,
                                                                                                name: "rest",
                                                                                            },
                                                                                        },
                                                                                    ),
                                                                                },
                                                                            ),
                                                                        ),
                                                                    ],
                                                                    optional: false,
                                                                },
                                                            ),
                                                            expr: Expr {
                                                                span: 129..132,
                                                                kind: Ident(
                                                                    Ident {
                                                                        span: 129..132,
                                                                        name: "foo",
                                                                    },
                                                                ),
                                                                inferred_type: None,
                                                            },
                                                        },
                                                    ),
                                                    inferred_type: None,
                                                },
                                                consequent: Expr {
                                                    span: 152..159,
                                                    kind: Lit(
                                                        Str(
                                                            Str {
                                                                span: 152..159,
                                                                value: "array",
                                                            },
                                                        ),
                                                    ),
                                                    inferred_type: None,
                                                },
                                                alternate: Some(
                                                    Expr {
                                                        span: 197..204,
                                                        kind: Lit(
                                                            Str(
                                                                Str {
                                                                    span: 197..204,
                                                                    value: "other",
                                                                },
                                                            ),
                                                        ),
                                                        inferred_type: None,
                                                    },
                                                ),
                                            },
                                        ),
                                        inferred_type: None,
                                    },
                                ),
                            },
                        ),
                        inferred_type: None,
                    },
                ),
                declare: false,
            },
        ],
    },
)
