---
source: crates/crochet_parser/src/lib.rs
expression: "parse(\"let add = (a: number, b: number): number => a + b;\")"
---
Ok(
    Program {
        body: [
            VarDecl {
                span: 0..50,
                pattern: Pattern {
                    span: 4..7,
                    kind: Ident(
                        BindingIdent {
                            id: Ident {
                                span: 4..7,
                                name: "add",
                            },
                        },
                    ),
                    inferred_type: None,
                },
                type_ann: None,
                init: Some(
                    Expr {
                        span: 10..49,
                        kind: Lambda(
                            Lambda {
                                params: [
                                    EFnParam {
                                        pat: Pattern {
                                            span: 11..12,
                                            kind: Ident(
                                                BindingIdent {
                                                    id: Ident {
                                                        span: 11..12,
                                                        name: "a",
                                                    },
                                                },
                                            ),
                                            inferred_type: None,
                                        },
                                        type_ann: Some(
                                            TypeAnn {
                                                kind: Keyword(
                                                    KeywordType {
                                                        span: 14..20,
                                                        keyword: Number,
                                                    },
                                                ),
                                                span: 14..20,
                                                inferred_type: None,
                                            },
                                        ),
                                        optional: false,
                                        mutable: false,
                                    },
                                    EFnParam {
                                        pat: Pattern {
                                            span: 22..23,
                                            kind: Ident(
                                                BindingIdent {
                                                    id: Ident {
                                                        span: 22..23,
                                                        name: "b",
                                                    },
                                                },
                                            ),
                                            inferred_type: None,
                                        },
                                        type_ann: Some(
                                            TypeAnn {
                                                kind: Keyword(
                                                    KeywordType {
                                                        span: 25..31,
                                                        keyword: Number,
                                                    },
                                                ),
                                                span: 25..31,
                                                inferred_type: None,
                                            },
                                        ),
                                        optional: false,
                                        mutable: false,
                                    },
                                ],
                                body: Expr {
                                    span: 44..49,
                                    kind: BinaryExpr(
                                        BinaryExpr {
                                            op: Add,
                                            left: Expr {
                                                span: 44..45,
                                                kind: Ident(
                                                    Ident {
                                                        span: 44..45,
                                                        name: "a",
                                                    },
                                                ),
                                                inferred_type: None,
                                            },
                                            right: Expr {
                                                span: 48..49,
                                                kind: Ident(
                                                    Ident {
                                                        span: 48..49,
                                                        name: "b",
                                                    },
                                                ),
                                                inferred_type: None,
                                            },
                                        },
                                    ),
                                    inferred_type: None,
                                },
                                is_async: false,
                                return_type: Some(
                                    TypeAnn {
                                        kind: Keyword(
                                            KeywordType {
                                                span: 34..40,
                                                keyword: Number,
                                            },
                                        ),
                                        span: 34..40,
                                        inferred_type: None,
                                    },
                                ),
                                type_params: None,
                            },
                        ),
                        inferred_type: None,
                    },
                ),
                declare: false,
            },
        ],
    },
)
