---
source: crates/crochet_parser/src/lib.rs
expression: "parse(\"let nested_arr: string[][] = [];\")"
---
Ok(
    Program {
        body: [
            VarDecl {
                span: 0..32,
                pattern: Pattern {
                    span: 4..14,
                    kind: Ident(
                        BindingIdent {
                            id: Ident {
                                span: 4..14,
                                name: "nested_arr",
                            },
                        },
                    ),
                    inferred_type: None,
                },
                type_ann: Some(
                    TypeAnn {
                        kind: Array(
                            ArrayType {
                                span: 16..26,
                                elem_type: TypeAnn {
                                    kind: Array(
                                        ArrayType {
                                            span: 16..24,
                                            elem_type: TypeAnn {
                                                kind: Prim(
                                                    PrimType {
                                                        span: 16..22,
                                                        prim: Str,
                                                    },
                                                ),
                                                span: 16..22,
                                                inferred_type: None,
                                            },
                                        },
                                    ),
                                    span: 16..24,
                                    inferred_type: None,
                                },
                            },
                        ),
                        span: 16..26,
                        inferred_type: None,
                    },
                ),
                init: Some(
                    Expr {
                        span: 29..31,
                        kind: Tuple(
                            Tuple {
                                elems: [],
                            },
                        ),
                        inferred_type: None,
                    },
                ),
                declare: false,
            },
        ],
    },
)
