---
source: crates/crochet_parser/src/lib.rs
expression: "parse(\"let thunk_arr: (() => undefined)[] = [];\")"
---
Ok(
    Program {
        body: [
            VarDecl {
                span: 0..40,
                pattern: Pattern {
                    span: 4..13,
                    kind: Ident(
                        BindingIdent {
                            name: "thunk_arr",
                            mutable: false,
                        },
                    ),
                    inferred_type: None,
                },
                type_ann: Some(
                    TypeAnn {
                        kind: Array(
                            ArrayType {
                                span: 15..34,
                                elem_type: TypeAnn {
                                    kind: Lam(
                                        LamType {
                                            span: 16..31,
                                            params: [],
                                            ret: TypeAnn {
                                                kind: Keyword(
                                                    KeywordType {
                                                        span: 22..31,
                                                        keyword: Undefined,
                                                    },
                                                ),
                                                span: 22..31,
                                                inferred_type: None,
                                            },
                                            type_params: None,
                                        },
                                    ),
                                    span: 16..31,
                                    inferred_type: None,
                                },
                            },
                        ),
                        span: 15..34,
                        inferred_type: None,
                    },
                ),
                init: Some(
                    Expr {
                        span: 37..39,
                        kind: Tuple(
                            Tuple {
                                elems: [],
                            },
                        ),
                        inferred_type: None,
                    },
                ),
                declare: false,
            },
        ],
    },
)
