---
source: crates/escalier_parser/src/expr_parser.rs
expression: "parse(r#\"[1, \"two\", [3]]\"#)"
---
Tuple(
    Tuple {
        span: 0..15,
        elements: [
            Expr(
                Num(
                    Num {
                        span: 1..2,
                        value: "1",
                    },
                ),
            ),
            Expr(
                Str(
                    Str {
                        span: 4..9,
                        value: "two",
                    },
                ),
            ),
            Expr(
                Tuple(
                    Tuple {
                        span: 10..14,
                        elements: [
                            Expr(
                                Num(
                                    Num {
                                        span: 12..13,
                                        value: "3",
                                    },
                                ),
                            ),
                        ],
                    },
                ),
            ),
        ],
    },
)
