---
source: crates/escalier_parser/src/expr_parser.rs
expression: "parse(\"a[1][c]\")"
---
Index(
    Index {
        span: 0..6,
        left: Index(
            Index {
                span: 0..3,
                left: Ident(
                    Ident {
                        name: "a",
                        span: 0..1,
                    },
                ),
                right: Num(
                    Num {
                        span: 2..3,
                        value: "1",
                    },
                ),
            },
        ),
        right: Ident(
            Ident {
                name: "c",
                span: 5..6,
            },
        ),
    },
)
