---
source: crates/escalier_parser/src/expr_parser.rs
expression: "parse(\"foo?.()\")"
---
Expr {
    kind: OptionalChain {
        base: Expr {
            kind: Call {
                args: [],
                callee: Expr {
                    kind: Identifier(
                        "foo",
                    ),
                    span: 0..3,
                },
            },
            span: 0..7,
        },
    },
    span: 0..7,
}
