---
source: crates/escalier_parser/src/expr_parser.rs
expression: "parse(\"{ a, b }\")"
---
Expr {
    kind: Object(
        Object {
            properties: [
                Prop(
                    Shorthand(
                        "a",
                    ),
                ),
                Prop(
                    Shorthand(
                        "b",
                    ),
                ),
            ],
        },
    ),
    span: 0..8,
    inferred_type: None,
}
