---
source: crates/escalier_parser/src/expr_parser.rs
expression: "parse(\"fn (props) => <>{props.children}</>\")"
---
Function(
    Function {
        span: 0..35,
        params: [
            FuncParam {
                pattern: Pattern {
                    span: 4..9,
                    kind: Ident(
                        BindingIdent {
                            name: "props",
                            span: 4..9,
                            mutable: false,
                        },
                    ),
                },
                type_ann: None,
                optional: false,
            },
        ],
        body: Expr(
            JSXFragment(
                JSXFragment {
                    span: 15..35,
                    opening: JSXOpeningFragment,
                    children: [
                        ExprContainer(
                            JSXExprContainer {
                                expr: Member(
                                    Member {
                                        span: 17..31,
                                        object: Ident(
                                            Ident {
                                                name: "props",
                                                span: 17..22,
                                            },
                                        ),
                                        property: Ident(
                                            Ident {
                                                name: "children",
                                                span: 23..31,
                                            },
                                        ),
                                    },
                                ),
                            },
                        ),
                    ],
                    closing: JSXClosingFragment,
                },
            ),
        ),
        type_ann: None,
    },
)
