---
source: crates/escalier_parser/src/stmt_parser.rs
expression: "parse(\"let add = fn (x, y) => x + y\")"
---
[
    Stmt {
        kind: Let {
            pattern: Pattern {
                span: 4..7,
                kind: Ident(
                    BindingIdent {
                        name: "add",
                        span: 4..7,
                        mutable: false,
                    },
                ),
            },
            expr: Function(
                Function {
                    span: 10..28,
                    type_params: None,
                    params: [
                        FuncParam {
                            pattern: Pattern {
                                span: 14..15,
                                kind: Ident(
                                    BindingIdent {
                                        name: "x",
                                        span: 14..15,
                                        mutable: false,
                                    },
                                ),
                            },
                            type_ann: None,
                            optional: false,
                        },
                        FuncParam {
                            pattern: Pattern {
                                span: 17..18,
                                kind: Ident(
                                    BindingIdent {
                                        name: "y",
                                        span: 17..18,
                                        mutable: false,
                                    },
                                ),
                            },
                            type_ann: None,
                            optional: false,
                        },
                    ],
                    body: Expr(
                        Binary(
                            Binary {
                                span: 23..28,
                                left: Ident(
                                    Ident {
                                        name: "x",
                                        span: 23..24,
                                    },
                                ),
                                op: Plus,
                                right: Ident(
                                    Ident {
                                        name: "y",
                                        span: 27..28,
                                    },
                                ),
                            },
                        ),
                    ),
                    type_ann: None,
                    is_async: false,
                    is_gen: false,
                },
            ),
            type_ann: None,
        },
        span: 0..28,
    },
]
