---
source: crates/escalier_parser/src/expr_parser.rs
expression: "parse(\"[1, 2,]\")"
---
Tuple(
    Tuple {
        span: 0..7,
        elements: [
            Expr(
                Num(
                    Num {
                        span: 1..2,
                        value: "1",
                    },
                ),
            ),
            Expr(
                Num(
                    Num {
                        span: 4..5,
                        value: "2",
                    },
                ),
            ),
        ],
    },
)
