---
source: crates/escalier_parser/src/stmt_parser.rs
expression: "parse(\"let add = fn (x) => fn (y) => x + y\")"
---
[
    Stmt {
        kind: Let {
            pattern: Pattern {
                span: 4..7,
                kind: Ident(
                    BindingIdent {
                        name: "add",
                        span: 4..7,
                        mutable: false,
                    },
                ),
            },
            expr: Function(
                Function {
                    span: 10..35,
                    type_params: None,
                    params: [
                        FuncParam {
                            pattern: Pattern {
                                span: 14..15,
                                kind: Ident(
                                    BindingIdent {
                                        name: "x",
                                        span: 14..15,
                                        mutable: false,
                                    },
                                ),
                            },
                            type_ann: None,
                            optional: false,
                        },
                    ],
                    body: Expr(
                        Function(
                            Function {
                                span: 20..35,
                                type_params: None,
                                params: [
                                    FuncParam {
                                        pattern: Pattern {
                                            span: 24..25,
                                            kind: Ident(
                                                BindingIdent {
                                                    name: "y",
                                                    span: 24..25,
                                                    mutable: false,
                                                },
                                            ),
                                        },
                                        type_ann: None,
                                        optional: false,
                                    },
                                ],
                                body: Expr(
                                    Binary(
                                        Binary {
                                            span: 30..35,
                                            left: Ident(
                                                Ident {
                                                    name: "x",
                                                    span: 30..31,
                                                },
                                            ),
                                            op: Plus,
                                            right: Ident(
                                                Ident {
                                                    name: "y",
                                                    span: 34..35,
                                                },
                                            ),
                                        },
                                    ),
                                ),
                                type_ann: None,
                                is_async: false,
                                is_gen: false,
                            },
                        ),
                    ),
                    type_ann: None,
                    is_async: false,
                    is_gen: false,
                },
            ),
            type_ann: None,
        },
        span: 0..35,
    },
]
