---
source: crates/escalier_parser/src/expr_parser.rs
expression: "parse(\"5 * (x + 1)\")"
---
Expr {
    kind: Binary(
        Binary {
            left: Expr {
                kind: Num(
                    Num {
                        value: "5",
                    },
                ),
                span: 0..1,
                inferred_type: None,
            },
            op: Times,
            right: Expr {
                kind: Binary(
                    Binary {
                        left: Expr {
                            kind: Ident(
                                Ident {
                                    name: "x",
                                    span: 5..6,
                                },
                            ),
                            span: 5..6,
                            inferred_type: None,
                        },
                        op: Plus,
                        right: Expr {
                            kind: Num(
                                Num {
                                    value: "1",
                                },
                            ),
                            span: 9..10,
                            inferred_type: None,
                        },
                    },
                ),
                span: 5..10,
                inferred_type: None,
            },
        },
    ),
    span: 0..10,
    inferred_type: None,
}
