---
source: crates/escalier_parser/src/expr_parser.rs
expression: "parse(\"[1, 2,]\")"
---
Expr {
    kind: Tuple {
        elements: [
            Expr(
                Expr {
                    kind: Literal(
                        Number(
                            "1",
                        ),
                    ),
                    span: 1..2,
                },
            ),
            Expr(
                Expr {
                    kind: Literal(
                        Number(
                            "2",
                        ),
                    ),
                    span: 4..5,
                },
            ),
        ],
    },
    span: 0..7,
}
