---
source: crates/escalier_parser/src/expr_parser.rs
expression: "parse(r#\"\n            async fn () => { \n                let x = await foo()\n                return x\n            }\n        \"#)"
---
Expr {
    kind: Function(
        Function {
            type_params: None,
            params: [],
            body: Block(
                Block {
                    span: 27..105,
                    stmts: [
                        Stmt {
                            kind: Let {
                                declare: false,
                                pattern: Pattern {
                                    kind: Ident(
                                        BindingIdent {
                                            name: "x",
                                            span: 51..52,
                                            mutable: false,
                                        },
                                    ),
                                    span: 51..52,
                                    inferred_type: None,
                                },
                                expr: Some(
                                    Expr {
                                        kind: Await(
                                            Await {
                                                arg: Expr {
                                                    kind: Call(
                                                        Call {
                                                            callee: Expr {
                                                                kind: Ident(
                                                                    Ident {
                                                                        name: "foo",
                                                                        span: 61..64,
                                                                    },
                                                                ),
                                                                span: 61..64,
                                                                inferred_type: None,
                                                            },
                                                            type_args: None,
                                                            args: [],
                                                        },
                                                    ),
                                                    span: 61..66,
                                                    inferred_type: None,
                                                },
                                            },
                                        ),
                                        span: 55..66,
                                        inferred_type: None,
                                    },
                                ),
                                type_ann: None,
                            },
                            span: 47..66,
                            inferred_type: None,
                        },
                        Stmt {
                            kind: Return {
                                arg: Some(
                                    Expr {
                                        kind: Ident(
                                            Ident {
                                                name: "x",
                                                span: 90..91,
                                            },
                                        ),
                                        span: 90..91,
                                        inferred_type: None,
                                    },
                                ),
                            },
                            span: 90..91,
                            inferred_type: None,
                        },
                    ],
                },
            ),
            type_ann: None,
            is_async: true,
            is_gen: false,
        },
    ),
    span: 13..105,
    inferred_type: None,
}
