---
source: crates/escalier_parser/src/stmt_parser.rs
expression: "parse(r#\"p[\"y\"] = 10;\"#)"
---
[
    Stmt {
        kind: Expr {
            expr: Expr {
                kind: Assign {
                    left: Expr {
                        kind: Index {
                            left: Expr {
                                kind: Identifier(
                                    "p",
                                ),
                                span: 0..1,
                            },
                            right: Expr {
                                kind: Literal(
                                    String(
                                        "y",
                                    ),
                                ),
                                span: 2..5,
                            },
                        },
                        span: 0..5,
                    },
                    op: Assign,
                    right: Expr {
                        kind: Literal(
                            Number(
                                "10",
                            ),
                        ),
                        span: 9..11,
                    },
                },
                span: 0..11,
            },
        },
        span: 0..11,
    },
]
