---
source: crates/escalier_parser/src/type_ann_parser.rs
expression: "parse(\"[number, string, boolean]\")"
---
TypeAnn {
    kind: Tuple(
        [
            TypeAnn {
                kind: Number,
                span: 1..7,
            },
            TypeAnn {
                kind: String,
                span: 9..15,
            },
            TypeAnn {
                kind: Boolean,
                span: 17..24,
            },
        ],
    ),
    span: 0..25,
}
