---
source: crates/escalier_parser/src/expr_parser.rs
expression: "parse(\"add(obj.x, obj.y)\")"
---
Expr {
    kind: Call {
        args: [
            Expr {
                kind: Member {
                    object: Expr {
                        kind: Identifier(
                            "obj",
                        ),
                        span: 4..7,
                    },
                    property: Expr {
                        kind: Identifier(
                            "x",
                        ),
                        span: 8..9,
                    },
                },
                span: 4..9,
            },
            Expr {
                kind: Member {
                    object: Expr {
                        kind: Identifier(
                            "obj",
                        ),
                        span: 11..14,
                    },
                    property: Expr {
                        kind: Identifier(
                            "y",
                        ),
                        span: 15..16,
                    },
                },
                span: 11..16,
            },
        ],
        callee: Expr {
            kind: Identifier(
                "add",
            ),
            span: 0..3,
        },
    },
    span: 0..17,
}
