---
source: crates/escalier_parser/src/stmt_parser.rs
expression: "parse(r#\"p[\"y\"] = 10;\"#)"
---
[
    Stmt {
        kind: Expr {
            expr: Assign(
                Assign {
                    span: 0..11,
                    left: Index(
                        Index {
                            span: 0..5,
                            left: Ident(
                                Ident {
                                    name: "p",
                                    span: 0..1,
                                },
                            ),
                            right: Str(
                                Str {
                                    span: 2..5,
                                    value: "y",
                                },
                            ),
                        },
                    ),
                    op: Assign,
                    right: Num(
                        Num {
                            span: 9..11,
                            value: "10",
                        },
                    ),
                },
            ),
        },
        span: 0..11,
    },
]
