---
source: crates/escalier_parser/src/pattern_parser.rs
expression: "parse(\"...rest\")"
---
Pattern {
    kind: Rest(
        RestPat {
            arg: Pattern {
                kind: Ident(
                    BindingIdent {
                        name: "rest",
                        span: 3..7,
                        mutable: false,
                    },
                ),
                span: 3..7,
                inferred_type: None,
            },
        },
    ),
    span: 0..3,
    inferred_type: None,
}
