---
source: crates/escalier_parser/src/expr_parser.rs
expression: "parse(\"a.b+c.d\")"
---
Expr {
    kind: Binary {
        left: Expr {
            kind: Member {
                object: Expr {
                    kind: Identifier(
                        "a",
                    ),
                    span: 0..1,
                },
                property: Expr {
                    kind: Identifier(
                        "b",
                    ),
                    span: 2..3,
                },
            },
            span: 0..3,
        },
        op: Plus,
        right: Expr {
            kind: Member {
                object: Expr {
                    kind: Identifier(
                        "c",
                    ),
                    span: 4..5,
                },
                property: Expr {
                    kind: Identifier(
                        "d",
                    ),
                    span: 6..7,
                },
            },
            span: 4..7,
        },
    },
    span: 0..7,
}
