---
source: crates/escalier_parser/src/lib.rs
expression: "parse(\"async () => 10;\")"
---
Ok(
    Program {
        body: [
            Expr {
                loc: SourceLocation {
                    start: Position {
                        line: 0,
                        column: 0,
                    },
                    end: Position {
                        line: 0,
                        column: 15,
                    },
                },
                span: 0..15,
                expr: Expr {
                    loc: SourceLocation {
                        start: Position {
                            line: 0,
                            column: 0,
                        },
                        end: Position {
                            line: 0,
                            column: 14,
                        },
                    },
                    span: 0..14,
                    kind: Lambda(
                        Lambda {
                            params: [],
                            body: [
                                Expr {
                                    loc: SourceLocation {
                                        start: Position {
                                            line: 0,
                                            column: 12,
                                        },
                                        end: Position {
                                            line: 0,
                                            column: 14,
                                        },
                                    },
                                    span: 12..14,
                                    kind: Lit(
                                        Num(
                                            Num {
                                                loc: SourceLocation {
                                                    start: Position {
                                                        line: 0,
                                                        column: 12,
                                                    },
                                                    end: Position {
                                                        line: 0,
                                                        column: 14,
                                                    },
                                                },
                                                span: 12..14,
                                                value: "10",
                                            },
                                        ),
                                    ),
                                    inferred_type: None,
                                },
                            ],
                            is_async: true,
                            return_type: None,
                            type_params: None,
                        },
                    ),
                    inferred_type: None,
                },
            },
        ],
    },
)
