---
source: crates/escalier_parser/src/parser.rs
expression: "tokens[0].kind"
---
StrTemplateLit {
    parts: [
        Token {
            kind: StrLit(
                "ids = ",
            ),
            span: 0..7,
        },
        Token {
            kind: StrLit(
                "",
            ),
            span: 49..50,
        },
    ],
    exprs: [
        Expr {
            kind: Call {
                args: [
                    Expr {
                        kind: Literal(
                            String(
                                ", ",
                            ),
                        ),
                        span: 43..47,
                    },
                ],
                callee: Expr {
                    kind: Member {
                        object: Expr {
                            kind: Call {
                                args: [
                                    Expr {
                                        kind: Function {
                                            params: [
                                                FuncParam {
                                                    pattern: Pattern {
                                                        span: 21..23,
                                                        kind: Ident(
                                                            BindingIdent {
                                                                name: "id",
                                                                span: 21..23,
                                                                mutable: false,
                                                            },
                                                        ),
                                                    },
                                                    type_ann: None,
                                                    optional: false,
                                                },
                                            ],
                                            body: Expr(
                                                Expr {
                                                    kind: TemplateLiteral {
                                                        parts: [
                                                            String(
                                                                "x",
                                                            ),
                                                            String(
                                                                "",
                                                            ),
                                                        ],
                                                        exprs: [
                                                            Expr {
                                                                kind: Identifier(
                                                                    "id",
                                                                ),
                                                                span: 32..34,
                                                            },
                                                        ],
                                                    },
                                                    span: 27..36,
                                                },
                                            ),
                                            type_ann: None,
                                        },
                                        span: 17..36,
                                    },
                                ],
                                callee: Expr {
                                    kind: Member {
                                        object: Expr {
                                            kind: Identifier(
                                                "ids",
                                            ),
                                            span: 9..12,
                                        },
                                        property: Expr {
                                            kind: Identifier(
                                                "map",
                                            ),
                                            span: 13..16,
                                        },
                                    },
                                    span: 9..16,
                                },
                            },
                            span: 9..37,
                        },
                        property: Expr {
                            kind: Identifier(
                                "join",
                            ),
                            span: 38..42,
                        },
                    },
                    span: 9..42,
                },
            },
            span: 9..48,
        },
    ],
}
