---
source: crates/escalier_parser/src/expr_parser.rs
expression: "parse(\"[a, b, ...c]\")"
---
Tuple(
    Tuple {
        span: 0..12,
        elements: [
            Expr(
                Ident(
                    Ident {
                        name: "a",
                        span: 1..2,
                    },
                ),
            ),
            Expr(
                Ident(
                    Ident {
                        name: "b",
                        span: 4..5,
                    },
                ),
            ),
            Spread(
                Ident(
                    Ident {
                        name: "c",
                        span: 10..11,
                    },
                ),
            ),
        ],
    },
)
