---
source: crates/escalier_parser/src/lib.rs
expression: "parse(\"do {let sum = do {let x = 5; let y = 10; x + y}; sum};\")"
---
Ok(
    Program {
        body: [
            Expr {
                loc: SourceLocation {
                    start: Position {
                        line: 0,
                        column: 0,
                    },
                    end: Position {
                        line: 0,
                        column: 54,
                    },
                },
                span: 0..54,
                expr: Expr {
                    loc: SourceLocation {
                        start: Position {
                            line: 0,
                            column: 4,
                        },
                        end: Position {
                            line: 0,
                            column: 48,
                        },
                    },
                    span: 4..48,
                    kind: Let(
                        Let {
                            pattern: Some(
                                Pattern {
                                    loc: SourceLocation {
                                        start: Position {
                                            line: 0,
                                            column: 8,
                                        },
                                        end: Position {
                                            line: 0,
                                            column: 11,
                                        },
                                    },
                                    span: 8..11,
                                    kind: Ident(
                                        BindingIdent {
                                            name: "sum",
                                            mutable: false,
                                            span: 8..11,
                                            loc: SourceLocation {
                                                start: Position {
                                                    line: 0,
                                                    column: 8,
                                                },
                                                end: Position {
                                                    line: 0,
                                                    column: 11,
                                                },
                                            },
                                        },
                                    ),
                                    inferred_type: None,
                                },
                            ),
                            type_ann: None,
                            init: Expr {
                                loc: SourceLocation {
                                    start: Position {
                                        line: 0,
                                        column: 18,
                                    },
                                    end: Position {
                                        line: 0,
                                        column: 28,
                                    },
                                },
                                span: 18..28,
                                kind: Let(
                                    Let {
                                        pattern: Some(
                                            Pattern {
                                                loc: SourceLocation {
                                                    start: Position {
                                                        line: 0,
                                                        column: 22,
                                                    },
                                                    end: Position {
                                                        line: 0,
                                                        column: 23,
                                                    },
                                                },
                                                span: 22..23,
                                                kind: Ident(
                                                    BindingIdent {
                                                        name: "x",
                                                        mutable: false,
                                                        span: 22..23,
                                                        loc: SourceLocation {
                                                            start: Position {
                                                                line: 0,
                                                                column: 22,
                                                            },
                                                            end: Position {
                                                                line: 0,
                                                                column: 23,
                                                            },
                                                        },
                                                    },
                                                ),
                                                inferred_type: None,
                                            },
                                        ),
                                        type_ann: None,
                                        init: Expr {
                                            loc: SourceLocation {
                                                start: Position {
                                                    line: 0,
                                                    column: 26,
                                                },
                                                end: Position {
                                                    line: 0,
                                                    column: 27,
                                                },
                                            },
                                            span: 26..27,
                                            kind: Lit(
                                                Num(
                                                    Num {
                                                        loc: SourceLocation {
                                                            start: Position {
                                                                line: 0,
                                                                column: 26,
                                                            },
                                                            end: Position {
                                                                line: 0,
                                                                column: 27,
                                                            },
                                                        },
                                                        span: 26..27,
                                                        value: "5",
                                                    },
                                                ),
                                            ),
                                            inferred_type: None,
                                        },
                                        body: Expr {
                                            loc: SourceLocation {
                                                start: Position {
                                                    line: 0,
                                                    column: 29,
                                                },
                                                end: Position {
                                                    line: 0,
                                                    column: 40,
                                                },
                                            },
                                            span: 29..40,
                                            kind: Let(
                                                Let {
                                                    pattern: Some(
                                                        Pattern {
                                                            loc: SourceLocation {
                                                                start: Position {
                                                                    line: 0,
                                                                    column: 33,
                                                                },
                                                                end: Position {
                                                                    line: 0,
                                                                    column: 34,
                                                                },
                                                            },
                                                            span: 33..34,
                                                            kind: Ident(
                                                                BindingIdent {
                                                                    name: "y",
                                                                    mutable: false,
                                                                    span: 33..34,
                                                                    loc: SourceLocation {
                                                                        start: Position {
                                                                            line: 0,
                                                                            column: 33,
                                                                        },
                                                                        end: Position {
                                                                            line: 0,
                                                                            column: 34,
                                                                        },
                                                                    },
                                                                },
                                                            ),
                                                            inferred_type: None,
                                                        },
                                                    ),
                                                    type_ann: None,
                                                    init: Expr {
                                                        loc: SourceLocation {
                                                            start: Position {
                                                                line: 0,
                                                                column: 37,
                                                            },
                                                            end: Position {
                                                                line: 0,
                                                                column: 39,
                                                            },
                                                        },
                                                        span: 37..39,
                                                        kind: Lit(
                                                            Num(
                                                                Num {
                                                                    loc: SourceLocation {
                                                                        start: Position {
                                                                            line: 0,
                                                                            column: 37,
                                                                        },
                                                                        end: Position {
                                                                            line: 0,
                                                                            column: 39,
                                                                        },
                                                                    },
                                                                    span: 37..39,
                                                                    value: "10",
                                                                },
                                                            ),
                                                        ),
                                                        inferred_type: None,
                                                    },
                                                    body: Expr {
                                                        loc: SourceLocation {
                                                            start: Position {
                                                                line: 0,
                                                                column: 41,
                                                            },
                                                            end: Position {
                                                                line: 0,
                                                                column: 46,
                                                            },
                                                        },
                                                        span: 41..46,
                                                        kind: BinaryExpr(
                                                            BinaryExpr {
                                                                op: Add,
                                                                left: Expr {
                                                                    loc: SourceLocation {
                                                                        start: Position {
                                                                            line: 0,
                                                                            column: 41,
                                                                        },
                                                                        end: Position {
                                                                            line: 0,
                                                                            column: 42,
                                                                        },
                                                                    },
                                                                    span: 41..42,
                                                                    kind: Ident(
                                                                        Ident {
                                                                            loc: SourceLocation {
                                                                                start: Position {
                                                                                    line: 0,
                                                                                    column: 41,
                                                                                },
                                                                                end: Position {
                                                                                    line: 0,
                                                                                    column: 42,
                                                                                },
                                                                            },
                                                                            span: 41..42,
                                                                            name: "x",
                                                                        },
                                                                    ),
                                                                    inferred_type: None,
                                                                },
                                                                right: Expr {
                                                                    loc: SourceLocation {
                                                                        start: Position {
                                                                            line: 0,
                                                                            column: 45,
                                                                        },
                                                                        end: Position {
                                                                            line: 0,
                                                                            column: 46,
                                                                        },
                                                                    },
                                                                    span: 45..46,
                                                                    kind: Ident(
                                                                        Ident {
                                                                            loc: SourceLocation {
                                                                                start: Position {
                                                                                    line: 0,
                                                                                    column: 45,
                                                                                },
                                                                                end: Position {
                                                                                    line: 0,
                                                                                    column: 46,
                                                                                },
                                                                            },
                                                                            span: 45..46,
                                                                            name: "y",
                                                                        },
                                                                    ),
                                                                    inferred_type: None,
                                                                },
                                                            },
                                                        ),
                                                        inferred_type: None,
                                                    },
                                                },
                                            ),
                                            inferred_type: None,
                                        },
                                    },
                                ),
                                inferred_type: None,
                            },
                            body: Expr {
                                loc: SourceLocation {
                                    start: Position {
                                        line: 0,
                                        column: 49,
                                    },
                                    end: Position {
                                        line: 0,
                                        column: 52,
                                    },
                                },
                                span: 49..52,
                                kind: Ident(
                                    Ident {
                                        loc: SourceLocation {
                                            start: Position {
                                                line: 0,
                                                column: 49,
                                            },
                                            end: Position {
                                                line: 0,
                                                column: 52,
                                            },
                                        },
                                        span: 49..52,
                                        name: "sum",
                                    },
                                ),
                                inferred_type: None,
                            },
                        },
                    ),
                    inferred_type: None,
                },
            },
        ],
    },
)
