---
source: src/parser.rs
expression: "parse(\"let foo = async () => { await 10 }\")"
---
Program {
    body: [
        Decl {
            span: 0..34,
            pattern: Ident(
                Ident {
                    span: 4..7,
                    name: "foo",
                },
            ),
            value: Lambda(
                Lambda {
                    span: 10..34,
                    args: [],
                    body: Await(
                        Await {
                            span: 24..32,
                            expr: Lit(
                                Num(
                                    Num {
                                        span: 30..32,
                                        value: "10",
                                    },
                                ),
                            ),
                        },
                    ),
                    is_async: true,
                },
            ),
        },
    ],
}
